// Jest Snapshot v1, https://goo.gl/fbAQLP

exports[`Pruebas en GifGridItem Debe mostrar el componente correctamente  1`] = `
<div
  className="card animate__fadeIn"
>
  <img
    alt="Un Titulo"
    src="https://localhost/algo.jpg"
  />
  <p>
     
    Un Titulo
  </p>
</div>
`;
